RUN 0\nRAW ANSWER:string\n"BERT, which stands for Bidirectional Encoder Representations from Transformers, is a language repre\n\nRUN 1\nRAW ANSWER:string\n"BERT, which stands for Bidirectional Encoder Representations from Transformers, is a language repre\n\nRUN 2\nRAW ANSWER:string\n"BERT, which stands for Bidirectional Encoder Representations from Transformers, is a language repre\n\nRUN 3\nRAW ANSWER:string\n"BERT, which stands for Bidirectional Encoder Representations from Transformers, is a language repre\n\nRUN 4\nRAW ANSWER:string\n"BERT, which stands for Bidirectional Encoder Representations from Transformers, is a language repre\n\n